MongoDB connected
Backend running on http://localhost:5000
[0mPOST /api/auth/register [32m200[0m 156.100 ms - 115[0m
[0mPOST /api/auth/login [32m200[0m 107.949 ms - 114[0m
[0mPOST /api/cars [33m400[0m 4.801 ms - 63[0m
[0mPOST /api/cars [32m201[0m 7.114 ms - 210[0m
[0mPUT /api/cars/6a05839ea7225afe576a3f17 [32m200[0m 17.391 ms - 213[0m
[0mPOST /api/parking-slots [32m201[0m 6.371 ms - 165[0m
[0mPUT /api/parking-slots/6a05839ea7225afe576a3f1c [32m200[0m 6.912 ms - 164[0m
[0mPOST /api/parking-records [32m201[0m 9.864 ms - 228[0m
[0mPATCH /api/parking-records/6a05839ea7225afe576a3f23/exit [32m200[0m 11.526 ms - 250[0m
[0mPUT /api/parking-records/6a05839ea7225afe576a3f23 [32m200[0m 18.300 ms - 250[0m
[0mPOST /api/payments [32m201[0m 8.120 ms - 223[0m
[0mPUT /api/payments/6a05839fa7225afe576a3f2f [32m200[0m 7.780 ms - 223[0m
[0mDELETE /api/payments/6a05839fa7225afe576a3f2f [32m200[0m 4.801 ms - 29[0m
[0mDELETE /api/parking-records/6a05839ea7225afe576a3f23 [32m200[0m 2.382 ms - 36[0m
[0mDELETE /api/parking-slots/6a05839ea7225afe576a3f1c [32m200[0m 2.912 ms - 34[0m
[0mDELETE /api/cars/6a05839ea7225afe576a3f17 [32m200[0m 3.496 ms - 25[0m
[0mPOST /api/auth/register [32m200[0m 108.628 ms - 115[0m
[0mPOST /api/auth/login [32m200[0m 109.519 ms - 114[0m
[0mPOST /api/cars [33m400[0m 1.299 ms - 63[0m
[0mPOST /api/cars [32m201[0m 4.983 ms - 210[0m
[0mPUT /api/cars/6a0583cea7225afe576a3f3d [32m200[0m 4.901 ms - 213[0m
[0mPOST /api/parking-slots [32m201[0m 6.936 ms - 165[0m
[0mPUT /api/parking-slots/6a0583cea7225afe576a3f42 [32m200[0m 5.696 ms - 164[0m
[0mPOST /api/parking-records [32m201[0m 9.768 ms - 228[0m
[0mPATCH /api/parking-records/6a0583cea7225afe576a3f49/exit [32m200[0m 7.784 ms - 250[0m
[0mPUT /api/parking-records/6a0583cea7225afe576a3f49 [32m200[0m 10.902 ms - 250[0m
[0mPOST /api/payments [32m201[0m 6.693 ms - 223[0m
[0mPUT /api/payments/6a0583cea7225afe576a3f55 [32m200[0m 5.816 ms - 223[0m
[0mDELETE /api/payments/6a0583cea7225afe576a3f55 [32m200[0m 1.875 ms - 29[0m
[0mDELETE /api/parking-records/6a0583cea7225afe576a3f49 [32m200[0m 2.450 ms - 36[0m
[0mDELETE /api/parking-slots/6a0583cea7225afe576a3f42 [32m200[0m 2.279 ms - 34[0m
[0mDELETE /api/cars/6a0583cea7225afe576a3f3d [32m200[0m 2.568 ms - 25[0m
[0mGET /health [32m200[0m 0.994 ms - 11[0m
[0mOPTIONS /api/auth/login [32m204[0m 0.729 ms - 0[0m
[0mPOST /api/auth/login [32m200[0m 127.449 ms - 98[0m
[0mGET /api/cars [36m304[0m 7.739 ms - -[0m
[0mGET /api/cars [36m304[0m 10.599 ms - -[0m
[0mOPTIONS /api/cars/6a057c7107559dffc01d8912 [32m204[0m 0.151 ms - 0[0m
[0mDELETE /api/cars/6a057c7107559dffc01d8912 [32m200[0m 4.194 ms - 25[0m
[0mGET /api/cars [32m200[0m 6.498 ms - 195[0m
[0mOPTIONS /api/cars/6a057c5b07559dffc01d890e [32m204[0m 0.270 ms - 0[0m
[0mDELETE /api/cars/6a057c5b07559dffc01d890e [32m200[0m 3.146 ms - 25[0m
[0mGET /api/cars [32m200[0m 2.838 ms - 2[0m
[0mGET /api/parking-slots [36m304[0m 5.473 ms - -[0m
[0mGET /api/parking-slots [36m304[0m 3.749 ms - -[0m
[0mOPTIONS /api/parking-slots/6a057c8f07559dffc01d8918 [32m204[0m 0.164 ms - 0[0m
[0mDELETE /api/parking-slots/6a057c8f07559dffc01d8918 [32m200[0m 2.479 ms - 34[0m
[0mGET /api/parking-slots [32m200[0m 4.496 ms - 2[0m
[0mGET /api/parking-records [36m304[0m 14.709 ms - -[0m
[0mGET /api/cars [36m304[0m 9.331 ms - -[0m
[0mGET /api/parking-slots [36m304[0m 18.331 ms - -[0m
[0mGET /api/parking-records [36m304[0m 7.290 ms - -[0m
[0mGET /api/cars [36m304[0m 14.667 ms - -[0m
[0mGET /api/parking-slots [36m304[0m 13.720 ms - -[0m
[0mOPTIONS /api/parking-records/6a057cd207559dffc01d8926 [32m204[0m 0.209 ms - 0[0m
[0mDELETE /api/parking-records/6a057cd207559dffc01d8926 [32m200[0m 7.819 ms - 36[0m
[0mGET /api/parking-records [32m200[0m 6.384 ms - 237[0m
[0mGET /api/cars [36m304[0m 15.263 ms - -[0m
[0mGET /api/parking-slots [36m304[0m 18.247 ms - -[0m
[0mOPTIONS /api/parking-records/6a057c9c07559dffc01d8921 [32m204[0m 0.123 ms - 0[0m
[0mDELETE /api/parking-records/6a057c9c07559dffc01d8921 [32m200[0m 3.030 ms - 36[0m
[0mGET /api/parking-records [32m200[0m 11.980 ms - 2[0m
[0mGET /api/cars [36m304[0m 10.914 ms - -[0m
[0mGET /api/parking-slots [36m304[0m 14.113 ms - -[0m
[0mGET /api/payments [32m200[0m 8.795 ms - 453[0m
[0mGET /api/parking-records [36m304[0m 9.368 ms - -[0m
[0mGET /api/payments [36m304[0m 6.459 ms - -[0m
[0mGET /api/parking-records [36m304[0m 6.573 ms - -[0m
[0mOPTIONS /api/payments/6a057f4136126a73fc0b51ec [32m204[0m 0.136 ms - 0[0m
[0mDELETE /api/payments/6a057f4136126a73fc0b51ec [32m200[0m 5.750 ms - 29[0m
[0mGET /api/parking-records [36m304[0m 7.443 ms - -[0m
[0mGET /api/payments [32m200[0m 11.525 ms - 227[0m
[0mGET /api/reports/daily-payments?date=2026-05-14 [32m200[0m 13.820 ms - 319[0m
[0mGET /api/reports/daily-payments?date=2026-05-14 [36m304[0m 15.238 ms - -[0m
[0mGET /api/reports/daily-payments?date=2026-05-14 [36m304[0m 7.102 ms - -[0m
[0mGET /api/cars [36m304[0m 3.457 ms - -[0m
[0mGET /api/cars [36m304[0m 5.593 ms - -[0m
[0mOPTIONS /api/cars [32m204[0m 0.115 ms - 0[0m
[0mPOST /api/cars [32m201[0m 5.920 ms - 196[0m
[0mGET /api/cars [32m200[0m 3.170 ms - 198[0m
[0mGET /api/cars [36m304[0m 3.754 ms - -[0m
